
> webinstant-new@0.1.0 build
> next build

   Γû▓ Next.js 15.4.6
   - Environments: .env.local

   Creating an optimized production build ...
 Γ£ô Compiled successfully in 1000ms
   Linting and checking validity of types ...
node.exe : 
At C:\Program Files\nodejs\npm.ps1:29 char:3
+   & $NODE_EXE $NPM_CLI_JS $args
+   ~~~~~~~~~~~~~~~~~~~~~~~~~~~~~
    + CategoryInfo          : NotSpecified: (:String) [], RemoteExceptio 
   n
    + FullyQualifiedErrorId : NativeCommandError
 
Failed to compile.

./app/api/fix-preview-urls/route.ts
9:28  Warning: 'request' is defined but never used.  
@typescript-eslint/no-unused-vars
126:27  Warning: 'request' is defined but never used.  
@typescript-eslint/no-unused-vars

./app/api/generate-preview/route.ts
4:3  Warning: 'generateBusinessContent' is defined but never used.  
@typescript-eslint/no-unused-vars
8:3  Warning: 'getImagePrompt' is defined but never used.  
@typescript-eslint/no-unused-vars
118:11  Warning: 'generator' is assigned a value but never used.  
@typescript-eslint/no-unused-vars
203:27  Error: Unexpected any. Specify a different type.  
@typescript-eslint/no-explicit-any
260:40  Error: Unexpected any. Specify a different type.  
@typescript-eslint/no-explicit-any
260:54  Error: Unexpected any. Specify a different type.  
@typescript-eslint/no-explicit-any
260:66  Error: Unexpected any. Specify a different type.  
@typescript-eslint/no-explicit-any
686:57  Error: Unexpected any. Specify a different type.  
@typescript-eslint/no-explicit-any
2875:27  Warning: 'request' is defined but never used.  
@typescript-eslint/no-unused-vars

./app/api/preview/update/route.ts
63:21  Warning: 'beforeTag' is assigned a value but never used.  
@typescript-eslint/no-unused-vars
75:44  Error: Unexpected any. Specify a different type.  
@typescript-eslint/no-explicit-any

./app/api/send-email/route.ts
73:11  Warning: 'fallbackUrl' is assigned a value but never used.  
@typescript-eslint/no-unused-vars
213:35  Error: Unexpected any. Specify a different type.  
@typescript-eslint/no-explicit-any
227:12  Warning: 'error' is defined but never used.  
@typescript-eslint/no-unused-vars

./app/claim/[id]/page.tsx
26:6  Warning: React Hook useEffect has a missing dependency: 
'fetchWebsitePreview'. Either include it or remove the dependency array. 
 react-hooks/exhaustive-deps
147:19  Error: `'` can be escaped with `&apos;`, `&lsquo;`, `&#39;`, 
`&rsquo;`.  react/no-unescaped-entities

./app/preview/[id]/EditPanel.tsx
3:20  Warning: 'useEffect' is defined but never used.  
@typescript-eslint/no-unused-vars
4:48  Warning: 'Phone' is defined but never used.  
@typescript-eslint/no-unused-vars
4:55  Warning: 'DollarSign' is defined but never used.  
@typescript-eslint/no-unused-vars
10:17  Error: Unexpected any. Specify a different type.  
@typescript-eslint/no-explicit-any
12:21  Error: Unexpected any. Specify a different type.  
@typescript-eslint/no-explicit-any
39:3  Warning: 'previewId' is defined but never used.  
@typescript-eslint/no-unused-vars
161:20  Error: Unexpected any. Specify a different type.  
@typescript-eslint/no-explicit-any
237:24  Error: `'` can be escaped with `&apos;`, `&lsquo;`, `&#39;`, 
`&rsquo;`.  react/no-unescaped-entities

./app/preview/[id]/page.tsx
2:10  Warning: 'notFound' is defined but never used.  
@typescript-eslint/no-unused-vars
55:55  Error: `'` can be escaped with `&apos;`, `&lsquo;`, `&#39;`, 
`&rsquo;`.  react/no-unescaped-entities
55:76  Error: `'` can be escaped with `&apos;`, `&lsquo;`, `&#39;`, 
`&rsquo;`.  react/no-unescaped-entities

./components/emails/WebsiteReadyEmail.tsx
18:7  Warning: Do not use `<head>` element. Use `<Head />` from 
`next/head` instead. See: 
https://nextjs.org/docs/messages/no-head-element  
@next/next/no-head-element
71:25  Warning: Using `<img>` could result in slower LCP and higher 
bandwidth. Consider using `<Image />` from `next/image` or a custom 
image loader to automatically optimize images. This may incur additional 
usage or cost from your provider. See: 
https://nextjs.org/docs/messages/no-img-element  
@next/next/no-img-element
107:25  Error: `'` can be escaped with `&apos;`, `&lsquo;`, `&#39;`, 
`&rsquo;`.  react/no-unescaped-entities
107:110  Error: `'` can be escaped with `&apos;`, `&lsquo;`, `&#39;`, 
`&rsquo;`.  react/no-unescaped-entities
123:31  Error: `'` can be escaped with `&apos;`, `&lsquo;`, `&#39;`, 
`&rsquo;`.  react/no-unescaped-entities
156:52  Error: `'` can be escaped with `&apos;`, `&lsquo;`, `&#39;`, 
`&rsquo;`.  react/no-unescaped-entities
231:11  Warning: Using `<img>` could result in slower LCP and higher 
bandwidth. Consider using `<Image />` from `next/image` or a custom 
image loader to automatically optimize images. This may incur additional 
usage or cost from your provider. See: 
https://nextjs.org/docs/messages/no-img-element  
@next/next/no-img-element

./components/templates/RestaurantTemplate.tsx
172:52  Error: `'` can be escaped with `&apos;`, `&lsquo;`, `&#39;`, 
`&rsquo;`.  react/no-unescaped-entities

./components/templates/ServiceTemplate.tsx
135:78  Error: `'` can be escaped with `&apos;`, `&lsquo;`, `&#39;`, 
`&rsquo;`.  react/no-unescaped-entities
141:21  Error: `'` can be escaped with `&apos;`, `&lsquo;`, `&#39;`, 
`&rsquo;`.  react/no-unescaped-entities
146:19  Error: `"` can be escaped with `&quot;`, `&ldquo;`, `&#34;`, 
`&rdquo;`.  react/no-unescaped-entities
146:61  Error: `'` can be escaped with `&apos;`, `&lsquo;`, `&#39;`, 
`&rsquo;`.  react/no-unescaped-entities
146:84  Error: `'` can be escaped with `&apos;`, `&lsquo;`, `&#39;`, 
`&rsquo;`.  react/no-unescaped-entities
146:94  Error: `"` can be escaped with `&quot;`, `&ldquo;`, `&#34;`, 
`&rdquo;`.  react/no-unescaped-entities
230:18  Error: `'` can be escaped with `&apos;`, `&lsquo;`, `&#39;`, 
`&rsquo;`.  react/no-unescaped-entities
241:17  Error: `"` can be escaped with `&quot;`, `&ldquo;`, `&#34;`, 
`&rdquo;`.  react/no-unescaped-entities
242:90  Error: `"` can be escaped with `&quot;`, `&ldquo;`, `&#34;`, 
`&rdquo;`.  react/no-unescaped-entities
254:17  Error: `"` can be escaped with `&quot;`, `&ldquo;`, `&#34;`, 
`&rdquo;`.  react/no-unescaped-entities
254:20  Error: `'` can be escaped with `&apos;`, `&lsquo;`, `&#39;`, 
`&rsquo;`.  react/no-unescaped-entities
255:54  Error: `'` can be escaped with `&apos;`, `&lsquo;`, `&#39;`, 
`&rsquo;`.  react/no-unescaped-entities
255:70  Error: `"` can be escaped with `&quot;`, `&ldquo;`, `&#34;`, 
`&rdquo;`.  react/no-unescaped-entities
267:17  Error: `"` can be escaped with `&quot;`, `&ldquo;`, `&#34;`, 
`&rdquo;`.  react/no-unescaped-entities
268:65  Error: `"` can be escaped with `&quot;`, `&ldquo;`, `&#34;`, 
`&rdquo;`.  react/no-unescaped-entities
286:47  Error: `'` can be escaped with `&apos;`, `&lsquo;`, `&#39;`, 
`&rsquo;`.  react/no-unescaped-entities
369:45  Error: `'` can be escaped with `&apos;`, `&lsquo;`, `&#39;`, 
`&rsquo;`.  react/no-unescaped-entities

./lib/businessImporter.ts
166:51  Warning: 'rowNumber' is defined but never used.  
@typescript-eslint/no-unused-vars
283:30  Error: Unexpected any. Specify a different type.  
@typescript-eslint/no-explicit-any
391:66  Error: Unexpected any. Specify a different type.  
@typescript-eslint/no-explicit-any

./lib/contentGenerator.ts
23:12  Warning: 'e' is defined but never used.  
@typescript-eslint/no-unused-vars
31:12  Warning: 'e' is defined but never used.  
@typescript-eslint/no-unused-vars
39:18  Error: Unexpected any. Specify a different type.  
@typescript-eslint/no-explicit-any
42:12  Warning: 'e' is defined but never used.  
@typescript-eslint/no-unused-vars
136:39  Error: Unexpected any. Specify a different type.  
@typescript-eslint/no-explicit-any
186:41  Error: Unexpected any. Specify a different type.  
@typescript-eslint/no-explicit-any
222:14  Warning: 'parseError' is defined but never used.  
@typescript-eslint/no-unused-vars
288:11  Warning: 'keywords' is assigned a value but never used.  
@typescript-eslint/no-unused-vars
411:37  Error: Unexpected any. Specify a different type.  
@typescript-eslint/no-explicit-any
412:17  Warning: 'compressed' is assigned a value but never used.  
@typescript-eslint/no-unused-vars
414:18  Warning: 'e' is defined but never used.  
@typescript-eslint/no-unused-vars
425:12  Warning: 'error' is defined but never used.  
@typescript-eslint/no-unused-vars
435:47  Warning: 'type' is defined but never used.  
@typescript-eslint/no-unused-vars
436:9  Warning: 'fonts' is assigned a value but never used.  
@typescript-eslint/no-unused-vars
489:12  Warning: 'error' is defined but never used.  
@typescript-eslint/no-unused-vars
496:38  Warning: 'businessType' is defined but never used.  
@typescript-eslint/no-unused-vars
496:60  Warning: 'businessName' is defined but never used.  
@typescript-eslint/no-unused-vars
686:41  Warning: 'businessName' is defined but never used.  
@typescript-eslint/no-unused-vars
726:39  Error: Unexpected any. Specify a different type.  
@typescript-eslint/no-explicit-any
729:20  Warning: 'e' is defined but never used.  
@typescript-eslint/no-unused-vars
885:42  Error: Unexpected any. Specify a different type.  
@typescript-eslint/no-explicit-any
1388:47  Warning: 'businessName' is defined but never used.  
@typescript-eslint/no-unused-vars

./lib/email.ts
2:8  Warning: 'React' is defined but never used.  
@typescript-eslint/no-unused-vars
38:11  Warning: 'ResendSendResult' is defined but never used.  
@typescript-eslint/no-unused-vars
468:11  Warning: 'subject' is assigned a value but never used.  
@typescript-eslint/no-unused-vars

info  - Need to disable some ESLint rules? Learn more here: 
https://nextjs.org/docs/app/api-reference/config/eslint#disabling-rules
