app/api/create-checkout-session/route.ts(6,3): error TS2322: Type '"2024-12-18.acacia"' is not assignable to type '"2025-07-30.basil"'.
app/api/verify-payment/route.ts(6,3): error TS2322: Type '"2024-12-18.acacia"' is not assignable to type '"2025-07-30.basil"'.
